// Jest Snapshot v1, https://goo.gl/fbAQLP

exports[`AppComponent Debe hacer match con el snapchot 1`] = `
<div
  id="root3"
>
  <router-outlet />
  
</div>
`;
