// Jest Snapshot v1, https://goo.gl/fbAQLP

exports[`ChariComponent debe hacer match Snapshot 1`] = `
"<h1>Poke</h1><div><h2>Loading...</h2></div><!--bindings={
  "ng-reflect-ng-if-else": "[object Object]"
}--><!--container-->"
`;
